Dùng engine: mlx  |  model: mlx-community/whisper-large-v3-mlx
== b1-1: đang nhận dạng…
Args: {'audio': ['01_raw/b1-1/audio.m4a'], 'model': 'mlx-community/whisper-large-v3-mlx', 'output_name': 'transcript', 'output_dir': '01_raw/b1-1', 'output_format': 'srt', 'verbose': True, 'task': 'transcribe', 'language': 'vi', 'temperature': 0, 'best_of': 5, 'patience': None, 'length_penalty': None, 'suppress_tokens': '-1', 'initial_prompt': 'Bài giảng môn Software Engineering SWE202c. Các thuật ngữ hay gặp: use case diagram, use case description, actor, precondition, postcondition, main flow, alternative flow, exception flow, class diagram, attribute, method, association, aggregation, composition, inheritance, multiplicity, sequence diagram, activity diagram, state diagram, entity, boundary, controller, requirement, functional requirement, non-functional requirement, test case, test data, expected result, boundary value analysis, equivalence partitioning, black box testing, white box testing, unit test, SRS, UML, extend, include, generalization.', 'condition_on_previous_text': True, 'fp16': True, 'compression_ratio_threshold': 2.4, 'logprob_threshold': -1.0, 'no_speech_threshold': 0.6, 'word_timestamps': False, 'prepend_punctuations': '"\'“¿([{-', 'append_punctuations': '"\'.。,，!！?？:：”)]}、', 'highlight_words': False, 'max_line_width': None, 'max_line_count': None, 'max_words_per_line': None, 'hallucination_silence_threshold': None, 'clip_timestamps': '0'}
Fetching 4 files:   0%|          | 0/4 [00:00<?, ?it/s]Fetching 4 files: 100%|██████████| 4/4 [00:00<00:00, 2699.04it/s]
[00:00.000 --> 00:06.800]  Ok, hello anh em nhé. Trong video này mình sẽ hướng dẫn anh em làm một câu mà chắc chắn 100% có trong đề anh em nhé.
[00:07.300 --> 00:11.700]  Bởi vì là trong bóc đầu tiên của anh em sẽ chắc chắn có câu này, đó là câu viết from AI anh em nhé.
[00:12.180 --> 00:14.140]  Ok, thì câu này nó không được nhiều điểm đâu anh em ạ.
[00:14.700 --> 00:18.980]  Làm cả bài này, hai kịch bản mà được có một điểm.
[00:19.260 --> 00:24.180]  Cái này thì thực ra cũng chưa chắc anh em nhé, bởi vì trong đề thi có 5 câu thôi, nhưng mà trong đề thi thử là có 7 câu.
[00:24.180 --> 00:31.560]  Mà ở đây thì nó cho rất là nhiều ý, mình nghĩ là đề thi nó sẽ không cho khó đến mức là cho nhiều cho dài gì đâu anh em nhé.
[00:32.020 --> 00:38.100]  Cho nên là anh em nói chung là anh em cứ luyện là anh em làm hết, bởi vì mình thấy là cả hai cái kịch bản này nó xem xem nhau chẳng có gì cả.
[00:38.640 --> 00:41.860]  Mình nghĩ là đề thi thử ở đây mục đích là trường muốn cho anh em luyện tập thôi.
[00:42.600 --> 00:45.920]  Đề thi thì anh em nói chung là sẽ được ngon thôi.
[00:46.260 --> 00:49.280]  Ok, thì bây giờ nhé, mình sẽ hướng dẫn anh em làm câu này.
[00:49.280 --> 00:52.200]  Câu này là câu dễ, mình nghĩ là câu dễ nhất đề và anh em có thể làm được tất.
[00:52.700 --> 00:53.120]  Đấy chứ anh em.
[00:53.560 --> 00:53.760]  Đó.
[00:53.760 --> 00:54.340]  Đó, ok.
[00:54.720 --> 00:58.480]  Thì vì là 4 điểm mới qua PE cho nên mình sẽ hướng dẫn anh em làm làm sao để ăn điểm tối đa nhé.
[00:58.820 --> 00:59.960]  Ok, anh em nhìn cho mình này.
[01:00.600 --> 01:02.580]  Anh em chỉ cần nhớ thôi, không cần nghĩ gì.
[01:03.880 --> 01:09.040]  Đó là trong một đề nhé, anh em nhớ cho mình này, khi anh em viết Prom thì anh em sẽ có những cái gì?
[01:09.420 --> 01:13.220]  Thì trong khi anh em viết Prom nhé, thì anh em sẽ có cho mình là 4 cái chính.
[01:13.560 --> 01:18.220]  Một là anh em sẽ viết cho mình 4 cái chính.
[01:18.420 --> 01:20.120]  Thứ nhất, đó là bối cảnh.
[01:20.440 --> 01:20.640]  Đúng không?
[01:20.840 --> 01:21.160]  Contact.
[01:23.760 --> 01:24.760]  Đúng không?
[01:24.760 --> 01:25.760]  Nhớ cho mình nhé.
[01:25.760 --> 01:27.760]  Hai là mình sẽ có là mục tiêu.
[01:27.760 --> 01:28.760]  Để xem nhé.
[01:28.760 --> 01:29.760]  Mục tiêu mà mình muốn đạt được.
[01:29.760 --> 01:30.760]  Để xem anh em.
[01:30.760 --> 01:31.760]  Cái thứ ba ấy là, đây anh em nhìn này.
[01:31.760 --> 01:32.760]  Cái thứ ba này là anh em có cái, mình nghĩ là nó viết thế này nhé.
[01:32.760 --> 01:33.760]  Nhưng mà anh em cứ viết thế này cho mình này.
[01:33.760 --> 01:34.760]  Anh em viết đúng cho cái Prom này cho mình.
[01:34.760 --> 01:35.760]  Auto ăn hiểu.
[01:35.760 --> 01:36.760]  Bởi vì mình lấy từ Coursera này.
[01:36.760 --> 01:37.760]  Anh em có thể viết cái này cho mình.
[01:37.760 --> 01:38.760]  Anh em có thể viết cái này cho mình.
[01:38.760 --> 01:39.760]  Anh em có thể viết cái này cho mình.
[01:39.760 --> 01:40.760]  Anh em có thể viết cái này cho mình.
[01:40.760 --> 01:41.760]  Anh em có thể viết cái này cho mình.
[01:41.760 --> 01:47.760]  Cái thứ ba này là anh em có cái, mình nghĩ là nó viết thế này nhé.
[01:47.760 --> 01:49.760]  Nhưng mà anh em cứ viết thế này cho mình này.
[01:49.760 --> 01:51.760]  Anh em viết đúng cho cái Prom này cho mình.
[01:51.760 --> 01:52.760]  Auto ăn hiểu.
[01:52.760 --> 01:53.760]  Bởi vì mình lấy từ Coursera ra.
[01:53.760 --> 01:54.760]  Cho nên anh em không phải lo.
[01:54.760 --> 01:55.760]  Tab này.
[01:55.760 --> 01:56.760]  Đấy chưa?
[01:56.760 --> 01:57.760]  Đó.
[01:57.760 --> 01:58.760]  Anh em cứ lấy cho mình.
[01:58.760 --> 02:01.760]  Thực ra cái mục tiêu này thì nó sẽ bao gồm luôn.
[02:01.760 --> 02:05.760]  Đó là anh em viết luôn cho mình cái là cái Tab.
[02:05.760 --> 02:08.760]  Và cái thế thôi.
[02:08.760 --> 02:10.760]  Và có một cái thực ra cái code ấy.
[02:10.760 --> 02:11.760]  Thì anh em dán vào cái thứ ba này.
[02:11.760 --> 02:12.760]  Đây.
[02:12.760 --> 02:13.760]  Mình cứ viết đúng ra này.
[02:13.760 --> 02:18.760]  Và tiếp theo là cái Output.
[02:18.760 --> 02:21.760]  Output Format đúng không?
[02:21.760 --> 02:25.760]  À cái thứ ba là code chứ.
[02:25.760 --> 02:28.760]  Code này.
[02:28.760 --> 02:29.760]  Sau đó là Output Format.
[02:29.760 --> 02:35.760]  Thì anh em cứ viết đúng như này cho mình.
[02:35.760 --> 02:36.760]  Đấy chưa?
[02:36.760 --> 02:37.760]  Thì Prom viết bài này nhé.
[02:37.760 --> 02:38.760]  Anh em cứ nhớ cho mình thế.
[02:38.760 --> 02:39.760]  Ví dụ.
[02:39.760 --> 02:40.760]  Ý đầu tiên này.
[02:40.760 --> 02:41.760]  Nó bảo anh em là.
[02:41.760 --> 02:44.760]  Anh em viết một cái Prom AI để anh em review cái code này.
[02:44.760 --> 02:45.760]  Đúng không?
[02:45.760 --> 02:47.760]  Thì bây giờ có một nhạo để anh em viết là gì?
[02:47.760 --> 02:49.760]  Thì bây giờ anh em cứ làm thế này cho mình.
[02:49.760 --> 02:50.760]  Bước đầu tiên này.
[02:50.760 --> 02:56.760]  Anh em cứ làm cho mình đó là.
[02:56.760 --> 02:59.760]  Anh em có bốn cái cách để anh em viết Prom.
[02:59.760 --> 03:01.760]  Nhưng mà anh em cứ làm cho mình theo đúng một cách thôi.
[03:01.760 --> 03:03.760]  Đó là anh em hay dùng nhé.
[03:03.760 --> 03:05.760]  Đây mình viết luôn nhé.
[03:05.760 --> 03:07.760]  Ý một này.
[03:07.760 --> 03:09.760]  Mình làm luôn ý một nhé.
[03:09.760 --> 03:10.760]  Review.
[03:10.760 --> 03:11.760]  Được chưa anh em?
[03:11.760 --> 03:12.760]  Đây ý một.
[03:12.760 --> 03:13.760]  Được chưa?
[03:13.760 --> 03:14.760]  Ok.
[03:14.760 --> 03:15.760]  Thì bây giờ mình sẽ viết như thế nào?
[03:15.760 --> 03:16.760]  Thì anh em cứ nhớ cho mình.
[03:16.760 --> 03:17.760]  Đầu tiên là I am working.
[03:17.760 --> 03:18.760]  Tôi đang làm.
[03:18.760 --> 03:19.760]  Được chưa?
[03:19.760 --> 03:20.760]  Tôi đang làm một cái gì đấy.
[03:20.760 --> 03:21.760]  Được chưa?
[03:21.760 --> 03:22.760]  Tôi đang làm một cái gì đấy.
[03:22.760 --> 03:23.760]  Được chưa?
[03:23.760 --> 03:24.760]  Thì bây giờ nhé.
[03:24.760 --> 03:25.760]  Anh em nhìn ở chỗ này này.
[03:25.760 --> 03:26.760]  Đang làm cái gì?
[03:26.760 --> 03:27.760]  Đây này.
[03:27.760 --> 03:28.760]  Anh em nhìn ở cái chỗ này.
[03:28.760 --> 03:29.760]  Hai cái hạng code Java này.
[03:29.760 --> 03:30.760]  Nó đang làm cái gì?
[03:30.760 --> 03:31.760]  Nó đang làm cái gì?
[03:31.760 --> 03:32.760]  Được chưa?
[03:32.760 --> 03:33.760]  Thì anh em nhìn ở chỗ này này.
[03:33.760 --> 03:34.760]  Đang làm cái gì?
[03:34.760 --> 03:35.760]  Đây này.
[03:35.760 --> 03:36.760]  Anh em nhìn ở chỗ này.
[03:36.760 --> 03:37.760]  Hai cái hạng code Java này.
[03:37.760 --> 03:38.760]  Nó đang làm cái gì?
[03:38.760 --> 03:39.760]  Nó đang làm cái gì?
[03:39.760 --> 03:40.760]  Nó đang làm cái gì?
[03:40.760 --> 03:41.760]  Nó đang làm cái gì?
[03:41.760 --> 03:42.760]  Nó đang làm cái gì?
[03:42.760 --> 03:43.760]  Nó đang làm cái gì?
[03:43.760 --> 03:44.760]  Nó đang làm cái gì?
[03:44.760 --> 03:45.760]  Nó đang làm cái gì?
[03:45.760 --> 03:46.760]  Nó đang làm cái gì?
[03:46.760 --> 03:47.760]  Được chưa anh em?
[03:47.760 --> 03:48.760]  Được chưa anh em?
[03:48.760 --> 03:49.760]  Được chưa anh em?
[03:49.760 --> 03:50.760]  Được chưa anh em?
[03:50.760 --> 03:51.760]  Được chưa anh em?
[03:51.760 --> 03:52.760]  Được chưa anh em?
[03:52.760 --> 03:53.760]  Được chưa anh em?
[03:53.760 --> 03:54.760]  Được chưa anh em?
[03:54.760 --> 03:55.760]  Được chưa anh em?
[03:55.760 --> 03:56.760]  Được chưa anh em?
[03:56.760 --> 03:57.760]  Được chưa anh em?
[03:57.760 --> 03:58.760]  Được chưa anh em?
[03:58.760 --> 03:59.760]  Được chưa anh em?
[03:59.760 --> 04:00.760]  Được chưa anh em?
[04:00.760 --> 04:01.760]  Được chưa anh em?
[04:01.760 --> 04:02.760]  Được chưa anh em?
[04:02.760 --> 04:03.760]  Được chưa anh em?
[04:03.760 --> 04:04.760]  Được chưa anh em?
[04:04.760 --> 04:05.760]  Được chưa anh em?
[04:05.760 --> 04:06.760]  Được chưa anh em?
[04:06.760 --> 04:07.760]  Được chưa anh em?
[04:07.760 --> 04:08.760]  Được chưa anh em?
[04:08.760 --> 04:09.760]  Được chưa anh em?
[04:09.760 --> 04:10.760]  Được chưa anh em?
[04:10.760 --> 04:11.760]  Được chưa anh em?
[04:11.760 --> 04:12.760]  Được chưa anh em?
[04:12.760 --> 04:13.760]  Được chưa anh em?
[04:13.760 --> 04:14.760]  Được chưa anh em?
[04:14.760 --> 04:15.760]  Được chưa anh em?
[04:15.760 --> 04:16.760]  Được chưa anh em?
[04:16.760 --> 04:17.760]  Được chưa anh em?
[04:17.760 --> 04:18.760]  Được chưa anh em?
[04:18.760 --> 04:19.760]  Được chưa anh em?
[04:19.760 --> 04:20.760]  Được chưa anh em?
[04:20.760 --> 04:21.760]  Được chưa anh em?
[04:21.760 --> 04:22.760]  Được chưa anh em?
[04:22.760 --> 04:23.760]  Được chưa anh em?
[04:23.760 --> 04:24.760]  Được chưa anh em?
[04:24.760 --> 04:25.760]  Được chưa anh em?
[04:25.760 --> 04:26.760]  Được chưa anh em?
[04:26.760 --> 04:27.760]  Được chưa anh em?
[04:27.760 --> 04:28.760]  Được chưa anh em?
[04:28.760 --> 04:29.760]  Được chưa anh em?
[04:29.760 --> 04:30.760]  Được chưa anh em?
[04:30.760 --> 04:31.760]  Được chưa anh em?
[04:31.760 --> 04:32.760]  Được chưa anh em?
[04:32.760 --> 04:33.760]  Được chưa anh em?
[04:33.760 --> 04:34.760]  Được chưa anh em?
[04:34.760 --> 04:35.760]  Được chưa anh em?
[04:35.760 --> 04:36.760]  Được chưa anh em?
[04:36.760 --> 04:37.760]  Được chưa anh em?
[04:37.760 --> 04:38.760]  Được chưa anh em?
[04:38.760 --> 04:39.760]  Được chưa anh em?
[04:39.760 --> 04:40.760]  Được chưa anh em?
[04:40.760 --> 04:41.760]  Được chưa anh em?
[04:41.760 --> 04:42.760]  Được chưa anh em?
[04:42.760 --> 04:43.760]  Được chưa anh em?
[04:43.760 --> 04:44.760]  Được chưa anh em?
[04:44.760 --> 04:45.760]  Được chưa anh em?
[04:45.760 --> 04:46.760]  Được chưa anh em?
[04:46.760 --> 04:47.760]  Được chưa anh em?
[04:47.760 --> 04:48.760]  Được chưa anh em?
[04:48.760 --> 04:49.760]  Được chưa anh em?
[04:49.760 --> 04:50.760]  Được chưa anh em?
[04:50.760 --> 04:51.760]  Được chưa anh em?
[04:51.760 --> 04:52.760]  Được chưa anh em?
[04:52.760 --> 04:53.760]  Được chưa anh em?
[04:53.760 --> 04:54.760]  Được chưa anh em?
[04:54.760 --> 04:55.760]  Được chưa anh em?
[04:55.760 --> 04:56.760]  Được chưa anh em?
[04:56.760 --> 04:57.760]  Được chưa anh em?
[04:57.760 --> 04:58.760]  Được chưa anh em?
[04:58.760 --> 04:59.760]  Được chưa anh em?
[04:59.760 --> 05:00.760]  Được chưa anh em?
[05:00.760 --> 05:01.760]  Được chưa anh em?
[05:01.760 --> 05:02.760]  Được chưa anh em?
[05:02.760 --> 05:03.760]  Được chưa anh em?
[05:03.760 --> 05:04.760]  Được chưa anh em?
[05:04.760 --> 05:05.760]  Được chưa anh em?
[05:05.760 --> 05:06.760]  Được chưa anh em?
[05:06.760 --> 05:07.760]  Được chưa anh em?
[05:07.760 --> 05:08.760]  Được chưa anh em?
[05:08.760 --> 05:09.760]  Được chưa anh em?
[05:09.760 --> 05:10.760]  Được chưa anh em?
[05:10.760 --> 05:11.760]  Được chưa anh em?
[05:11.760 --> 05:12.760]  Được chưa anh em?
[05:12.760 --> 05:13.760]  Được chưa anh em?
[05:13.760 --> 05:14.760]  Được chưa anh em?
[05:14.760 --> 05:15.760]  Được chưa anh em?
[05:15.760 --> 05:16.760]  Được chưa anh em?
[05:16.760 --> 05:17.760]  Được chưa anh em?
[05:17.760 --> 05:18.760]  Được chưa anh em?
[05:18.760 --> 05:19.760]  Được chưa anh em?
[05:19.760 --> 05:20.760]  Được chưa anh em?
[05:20.760 --> 05:21.760]  Được chưa anh em?
[05:21.760 --> 05:22.760]  Được chưa anh em?
[05:22.760 --> 05:23.760]  Được chưa anh em?
[05:23.760 --> 05:24.760]  Được chưa anh em?
[05:24.760 --> 05:25.760]  Được chưa anh em?
[05:25.760 --> 05:26.760]  Được chưa anh em?
[05:26.760 --> 05:27.760]  Được chưa anh em?
[05:27.760 --> 05:28.760]  Được chưa anh em?
[05:28.760 --> 05:29.760]  Được chưa anh em?
[05:29.760 --> 05:30.760]  Được chưa anh em?
[05:30.760 --> 05:31.760]  Được chưa anh em?
[05:31.760 --> 05:32.760]  Được chưa anh em?
[05:32.760 --> 05:33.760]  Được chưa anh em?
[05:33.760 --> 05:34.760]  Được chưa anh em?
[05:34.760 --> 05:35.760]  Được chưa anh em?
[05:35.760 --> 05:36.760]  Được chưa anh em?
[05:36.760 --> 05:37.760]  Được chưa anh em?
[05:37.760 --> 05:38.760]  Được chưa anh em?
[05:38.760 --> 05:39.760]  Được chưa anh em?
[05:39.760 --> 05:40.760]  Được chưa anh em?
[05:40.760 --> 05:41.760]  Được chưa anh em?
[05:41.760 --> 05:42.760]  Được chưa anh em?
[05:42.760 --> 05:43.760]  Được chưa anh em?
[05:43.760 --> 05:44.760]  Được chưa anh em?
[05:44.760 --> 05:45.760]  Được chưa anh em?
[05:45.760 --> 05:46.760]  Được chưa anh em?
[05:46.760 --> 05:47.760]  Được chưa anh em?
[05:47.760 --> 05:48.760]  Được chưa anh em?
[05:48.760 --> 05:49.760]  Được chưa anh em?
[05:49.760 --> 05:50.760]  Được chưa anh em?
[05:50.760 --> 05:51.760]  Được chưa anh em?
[05:51.760 --> 05:52.760]  Được chưa anh em?
[05:52.760 --> 05:53.760]  Được chưa anh em?
[05:53.760 --> 05:54.760]  Được chưa anh em?
[05:54.760 --> 05:55.760]  Được chưa anh em?
[05:55.760 --> 05:56.760]  Được chưa anh em?
[05:56.760 --> 05:57.760]  Được chưa anh em?
[05:57.760 --> 05:58.760]  Được chưa anh em?
[05:58.760 --> 05:59.760]  Được chưa anh em?
[05:59.760 --> 06:00.760]  Được chưa anh em?
[06:00.760 --> 06:01.760]  Được chưa anh em?
[06:01.760 --> 06:02.760]  Được chưa anh em?
[06:02.760 --> 06:03.760]  Được chưa anh em?
[06:03.760 --> 06:04.760]  Được chưa anh em?
[06:04.760 --> 06:05.760]  Được chưa anh em?
[06:05.760 --> 06:06.760]  Được chưa anh em?
[06:06.760 --> 06:07.760]  Được chưa anh em?
[06:07.760 --> 06:08.760]  Được chưa anh em?
[06:08.760 --> 06:09.760]  Được chưa anh em?
[06:09.760 --> 06:10.760]  Được chưa anh em?
[06:10.760 --> 06:11.760]  Được chưa anh em?
[06:11.760 --> 06:12.760]  Được chưa anh em?
[06:12.760 --> 06:13.760]  Được chưa anh em?
[06:13.760 --> 06:14.760]  Được chưa anh em?
[06:14.760 --> 06:15.760]  Được chưa anh em?
[06:15.760 --> 06:16.760]  Được chưa anh em?
[06:16.760 --> 06:17.760]  Được chưa anh em?
[06:17.760 --> 06:18.760]  Được chưa anh em?
[06:18.760 --> 06:19.760]  Được chưa anh em?
[06:19.760 --> 06:20.760]  Được chưa anh em?
[06:20.760 --> 06:21.760]  Được chưa anh em?
[06:21.760 --> 06:22.760]  Được chưa anh em?
[06:22.760 --> 06:23.760]  Được chưa anh em?
[06:23.760 --> 06:24.760]  Được chưa anh em?
[06:24.760 --> 06:25.760]  Được chưa anh em?
[06:25.760 --> 06:26.760]  Được chưa anh em?
[06:26.760 --> 06:27.760]  Được chưa anh em?
[06:27.760 --> 06:28.760]  Được chưa anh em?
[06:28.760 --> 06:29.760]  Được chưa anh em?
[06:29.760 --> 06:30.760]  Được chưa anh em?
[06:30.760 --> 06:31.760]  Được chưa anh em?
[06:31.760 --> 06:32.760]  Được chưa anh em?
[06:32.760 --> 06:33.760]  Được chưa anh em?
[06:33.760 --> 06:34.760]  Được chưa anh em?
[06:34.760 --> 06:35.760]  Được chưa anh em?
[06:35.760 --> 06:36.760]  Được chưa anh em?
[06:36.760 --> 06:37.760]  Được chưa anh em?
[06:37.760 --> 06:38.760]  Được chưa anh em?
[06:38.760 --> 06:39.760]  Được chưa anh em?
[06:39.760 --> 06:40.760]  Được chưa anh em?
[06:40.760 --> 06:41.760]  Được chưa anh em?
[06:41.760 --> 06:42.760]  Được chưa anh em?
[06:42.760 --> 06:43.760]  Được chưa anh em?
[06:43.760 --> 06:44.760]  Được chưa anh em?
[06:44.760 --> 06:45.760]  Được chưa anh em?
[06:45.760 --> 06:46.760]  Được chưa anh em?
[06:46.760 --> 06:47.760]  Được chưa anh em?
[06:47.760 --> 06:48.760]  Được chưa anh em?
[06:48.760 --> 06:49.760]  Được chưa anh em?
[06:49.760 --> 06:50.760]  Được chưa anh em?
[06:50.760 --> 06:51.760]  Được chưa anh em?
[06:51.760 --> 06:52.760]  Được chưa anh em?
[06:52.760 --> 06:53.760]  Được chưa anh em?
[06:53.760 --> 06:54.760]  Được chưa anh em?
[06:54.760 --> 06:55.760]  Được chưa anh em?
[06:55.760 --> 06:56.760]  Được chưa anh em?
[06:56.760 --> 06:57.760]  Được chưa anh em?
[06:57.760 --> 06:58.760]  Được chưa anh em?
[06:58.760 --> 06:59.760]  Được chưa anh em?
[06:59.760 --> 07:00.760]  Được chưa anh em?
[07:00.760 --> 07:01.760]  Được chưa anh em?
[07:01.760 --> 07:02.760]  Được chưa anh em?
[07:02.760 --> 07:03.760]  Được chưa anh em?
[07:03.760 --> 07:04.760]  Được chưa anh em?
[07:04.760 --> 07:05.760]  Được chưa anh em?
[07:05.760 --> 07:06.760]  Được chưa anh em?
[07:06.760 --> 07:07.760]  Được chưa anh em?
[07:07.760 --> 07:08.760]  Được chưa anh em?
[07:08.760 --> 07:09.760]  Được chưa anh em?
[07:09.760 --> 07:10.760]  Được chưa anh em?
[07:10.760 --> 07:11.760]  Được chưa anh em?
[07:11.760 --> 07:12.760]  Được chưa anh em?
[07:12.760 --> 07:13.760]  Được chưa anh em?
[07:13.760 --> 07:14.760]  Được chưa anh em?
[07:14.760 --> 07:15.760]  Được chưa anh em?
[07:15.760 --> 07:16.760]  Được chưa anh em?
[07:16.760 --> 07:17.760]  Được chưa anh em?
[07:17.760 --> 07:18.760]  Được chưa anh em?
[07:18.760 --> 07:19.760]  Được chưa anh em?
[07:19.760 --> 07:20.760]  Được chưa anh em?
[07:20.760 --> 07:21.760]  Được chưa anh em?
[07:21.760 --> 07:22.760]  Được chưa anh em?
[07:22.760 --> 07:23.760]  Được chưa anh em?
[07:23.760 --> 07:24.760]  Được chưa anh em?
[07:24.760 --> 07:25.760]  Được chưa anh em?
[07:25.760 --> 07:26.760]  Được chưa anh em?
[07:26.760 --> 07:27.760]  Được chưa anh em?
[07:27.760 --> 07:28.760]  Được chưa anh em?
[07:28.760 --> 07:29.760]  Được chưa anh em?
[07:29.760 --> 07:30.760]  Được chưa anh em?
[07:30.760 --> 07:31.760]  Được chưa anh em?
[07:31.760 --> 07:32.760]  Được chưa anh em?
[07:32.760 --> 07:33.760]  Được chưa anh em?
[07:33.760 --> 07:34.760]  Được chưa anh em?
[07:34.760 --> 07:35.760]  Được chưa anh em?
[07:35.760 --> 07:36.760]  Được chưa anh em?
[07:36.760 --> 07:37.760]  Được chưa anh em?
[07:37.760 --> 07:38.760]  Được chưa anh em?
[07:38.760 --> 07:39.760]  Được chưa anh em?
[07:39.760 --> 07:40.760]  Được chưa anh em?
[07:40.760 --> 07:41.760]  Được chưa anh em?
[07:41.760 --> 07:42.760]  Được chưa anh em?
[07:42.760 --> 07:43.760]  Được chưa anh em?
[07:43.760 --> 07:44.760]  Được chưa anh em?
[07:44.760 --> 07:45.760]  Được chưa anh em?
[07:45.760 --> 07:46.760]  Được chưa anh em?
[07:46.760 --> 07:47.760]  Được chưa anh em?
[07:47.760 --> 07:48.760]  Được chưa anh em?
[07:48.760 --> 07:49.760]  Được chưa anh em?
[07:49.760 --> 07:50.760]  Được chưa anh em?
[07:50.760 --> 07:51.760]  Được chưa anh em?
[07:51.760 --> 07:52.760]  Được chưa anh em?
[07:52.760 --> 07:53.760]  Được chưa anh em?
[07:53.760 --> 07:54.760]  Được chưa anh em?
[07:54.760 --> 07:55.760]  Được chưa anh em?
[07:55.760 --> 07:56.760]  Được chưa anh em?
[07:56.760 --> 07:57.760]  Được chưa anh em?
[07:57.760 --> 07:58.760]  Được chưa anh em?
[07:58.760 --> 07:59.760]  Được chưa anh em?
[07:59.760 --> 08:00.760]  Được chưa anh em?
[08:00.760 --> 08:01.760]  Được chưa anh em?
[08:01.760 --> 08:02.760]  Được chưa anh em?
[08:02.760 --> 08:03.760]  Được chưa anh em?
[08:03.760 --> 08:04.760]  Được chưa anh em?
[08:04.760 --> 08:05.760]  Được chưa anh em?
[08:05.760 --> 08:06.760]  Được chưa anh em?
[08:06.760 --> 08:07.760]  Được chưa anh em?
[08:07.760 --> 08:08.760]  Được chưa anh em?
[08:08.760 --> 08:09.760]  Được chưa anh em?
[08:09.760 --> 08:10.760]  Được chưa anh em?
[08:10.760 --> 08:11.760]  Được chưa anh em?
[08:11.760 --> 08:12.760]  Được chưa anh em?
[08:12.760 --> 08:13.760]  Được chưa anh em?
[08:13.760 --> 08:14.760]  Được chưa anh em?
[08:14.760 --> 08:15.760]  Được chưa anh em?
[08:15.760 --> 08:16.760]  Được chưa anh em?
[08:16.760 --> 08:17.760]  Được chưa anh em?
[08:17.760 --> 08:18.760]  Được chưa anh em?
[08:18.760 --> 08:19.760]  Được chưa anh em?
[08:19.760 --> 08:20.760]  Được chưa anh em?
[08:20.760 --> 08:21.760]  Được chưa anh em?
[08:21.760 --> 08:22.760]  Được chưa anh em?
[08:22.760 --> 08:23.760]  Được chưa anh em?
[08:23.760 --> 08:24.760]  Được chưa anh em?
[08:24.760 --> 08:25.760]  Được chưa anh em?
[08:25.760 --> 08:26.760]  Được chưa anh em?
[08:26.760 --> 08:27.760]  Được chưa anh em?
[08:27.760 --> 08:28.760]  Được chưa anh em?
[08:28.760 --> 08:29.760]  Được chưa anh em?
[08:29.760 --> 08:30.760]  Được chưa anh em?
[08:30.760 --> 08:31.760]  Được chưa anh em?
[08:31.760 --> 08:32.760]  Được chưa anh em?
[08:32.760 --> 08:33.760]  Được chưa anh em?
[08:33.760 --> 08:34.760]  Được chưa anh em?
[08:34.760 --> 08:35.760]  Được chưa anh em?
[08:35.760 --> 08:36.760]  Được chưa anh em?
[08:36.760 --> 08:37.760]  Được chưa anh em?
[08:37.760 --> 08:38.760]  Được chưa anh em?
[08:38.760 --> 08:39.760]  Được chưa anh em?
[08:39.760 --> 08:40.760]  Được chưa anh em?
[08:40.760 --> 08:41.760]  Được chưa anh em?
[08:41.760 --> 08:42.760]  Được chưa anh em?
[08:42.760 --> 08:43.760]  Được chưa anh em?
[08:43.760 --> 08:44.760]  Được chưa anh em?
[08:44.760 --> 08:45.760]  Được chưa anh em?
[08:45.760 --> 08:46.760]  Được chưa anh em?
[08:46.760 --> 08:47.760]  Được chưa anh em?
[08:47.760 --> 08:48.760]  Được chưa anh em?
[08:48.760 --> 08:49.760]  Được chưa anh em?
[08:49.760 --> 08:50.760]  Được chưa anh em?
[08:50.760 --> 08:51.760]  Được chưa anh em?
[08:51.760 --> 08:52.760]  Được chưa anh em?
[08:52.760 --> 08:53.760]  Được chưa anh em?
[08:53.760 --> 08:54.760]  Được chưa anh em?
[08:54.760 --> 08:55.760]  Được chưa anh em?
[08:55.760 --> 08:56.760]  Được chưa anh em?
[08:56.760 --> 08:57.760]  Được chưa anh em?
[08:57.760 --> 08:58.760]  Được chưa anh em?
[08:58.760 --> 08:59.760]  Được chưa anh em?
[08:59.760 --> 09:00.760]  Được chưa anh em?
[09:00.760 --> 09:01.760]  Được chưa anh em?
[09:01.760 --> 09:02.760]  Được chưa anh em?
[09:02.760 --> 09:03.760]  Được chưa anh em?
[09:03.760 --> 09:04.760]  Được chưa anh em?
[09:04.760 --> 09:05.760]  Được chưa anh em?
[09:05.760 --> 09:06.760]  Được chưa anh em?
[09:06.760 --> 09:07.760]  Được chưa anh em?
[09:07.760 --> 09:08.760]  Được chưa anh em?
[09:08.760 --> 09:09.760]  Được chưa anh em?
[09:09.760 --> 09:10.760]  Được chưa anh em?
[09:10.760 --> 09:11.760]  Được chưa anh em?
[09:11.760 --> 09:12.760]  Được chưa anh em?
[09:12.760 --> 09:13.760]  Được chưa anh em?
[09:13.760 --> 09:14.760]  Được chưa anh em?
[09:14.760 --> 09:15.760]  Được chưa anh em?
[09:15.760 --> 09:16.760]  Được chưa anh em?
[09:16.760 --> 09:17.760]  Được chưa anh em?
[09:17.760 --> 09:18.760]  Được chưa anh em?
[09:18.760 --> 09:19.760]  Được chưa anh em?
[09:19.760 --> 09:20.760]  Được chưa anh em?
[09:20.760 --> 09:21.760]  Được chưa anh em?
[09:21.760 --> 09:22.760]  Được chưa anh em?
[09:22.760 --> 09:23.760]  Được chưa anh em?
[09:23.760 --> 09:24.760]  Được chưa anh em?
[09:24.760 --> 09:25.760]  Được chưa anh em?
[09:25.760 --> 09:26.760]  Được chưa anh em?
[09:26.760 --> 09:27.760]  Được chưa anh em?
[09:27.760 --> 09:28.760]  Được chưa anh em?
[09:28.760 --> 09:29.760]  Được chưa anh em?
[09:29.760 --> 09:30.760]  Được chưa anh em?
[09:30.760 --> 09:31.760]  Được chưa anh em?
[09:31.760 --> 09:32.760]  Được chưa anh em?
[09:32.760 --> 09:33.760]  Được chưa anh em?
[09:33.760 --> 09:34.760]  Được chưa anh em?
[09:34.760 --> 09:35.760]  Được chưa anh em?
[09:35.760 --> 09:36.760]  Được chưa anh em?
[09:36.760 --> 09:37.760]  Được chưa anh em?
[09:37.760 --> 09:38.760]  Được chưa anh em?
[09:38.760 --> 09:39.760]  Được chưa anh em?
[09:39.760 --> 09:40.760]  Được chưa anh em?
[09:40.760 --> 09:41.760]  Được chưa anh em?
[09:41.760 --> 09:42.760]  Được chưa anh em?
[09:42.760 --> 09:43.760]  Được chưa anh em?
[09:43.760 --> 09:44.760]  Được chưa anh em?
[09:44.760 --> 09:45.760]  Được chưa anh em?
[09:45.760 --> 09:46.760]  Được chưa anh em?
[09:46.760 --> 09:47.760]  Được chưa anh em?
[09:47.760 --> 09:48.760]  Được chưa anh em?
[09:48.760 --> 09:49.760]  Được chưa anh em?
[09:49.760 --> 09:50.760]  Được chưa anh em?
[09:50.760 --> 09:51.760]  Được chưa anh em?
[09:51.760 --> 09:52.760]  Được chưa anh em?
[09:52.760 --> 09:53.760]  Được chưa anh em?
[09:53.760 --> 09:54.760]  Được chưa anh em?
[09:54.760 --> 09:55.760]  Được chưa anh em?
[09:55.760 --> 09:56.760]  Được chưa anh em?
[09:56.760 --> 09:57.760]  Được chưa anh em?
[09:57.760 --> 09:58.760]  Được chưa anh em?
[09:58.760 --> 09:59.760]  Được chưa anh em?
[09:59.760 --> 10:00.760]  Được chưa anh em?
[10:00.760 --> 10:01.760]  Được chưa anh em?
[10:01.760 --> 10:02.760]  Được chưa anh em?
[10:02.760 --> 10:03.760]  Được chưa anh em?
[10:03.760 --> 10:04.760]  Được chưa anh em?
[10:04.760 --> 10:05.760]  Được chưa anh em?
[10:05.760 --> 10:06.760]  Được chưa anh em?
[10:06.760 --> 10:07.760]  Được chưa anh em?
[10:07.760 --> 10:08.760]  Được chưa anh em?
[10:08.760 --> 10:09.760]  Được chưa anh em?
[10:09.760 --> 10:10.760]  Được chưa anh em?
[10:10.760 --> 10:11.760]  Được chưa anh em?
[10:11.760 --> 10:12.760]  Được chưa anh em?
[10:12.760 --> 10:13.760]  Được chưa anh em?
[10:13.760 --> 10:14.760]  Được chưa anh em?
[10:14.760 --> 10:15.760]  Được chưa anh em?
[10:15.760 --> 10:16.760]  Được chưa anh em?
[10:16.760 --> 10:17.760]  Được chưa anh em?
[10:17.760 --> 10:18.760]  Được chưa anh em?
[10:18.760 --> 10:19.760]  Được chưa anh em?
[10:19.760 --> 10:20.760]  Được chưa anh em?
[10:20.760 --> 10:21.760]  Được chưa anh em?
[10:21.760 --> 10:22.760]  Được chưa anh em?
[10:22.760 --> 10:23.760]  Được chưa anh em?
[10:23.760 --> 10:24.760]  Được chưa anh em?
[10:24.760 --> 10:25.760]  Được chưa anh em?
[10:25.760 --> 10:26.760]  Được chưa anh em?
[10:26.760 --> 10:27.760]  Được chưa anh em?
[10:27.760 --> 10:28.760]  Được chưa anh em?
[10:28.760 --> 10:29.760]  Được chưa anh em?
[10:29.760 --> 10:30.760]  Được chưa anh em?
[10:30.760 --> 10:31.760]  Được chưa anh em?
[10:31.760 --> 10:32.760]  Được chưa anh em?
[10:32.760 --> 10:33.760]  Được chưa anh em?
[10:33.760 --> 10:34.760]  Được chưa anh em?
[10:34.760 --> 10:35.760]  Được chưa anh em?
[10:35.760 --> 10:36.760]  Được chưa anh em?
[10:36.760 --> 10:37.760]  Được chưa anh em?
[10:37.760 --> 10:38.760]  Được chưa anh em?
[10:38.760 --> 10:39.760]  Được chưa anh em?
[10:39.760 --> 10:40.760]  Được chưa anh em?
[10:40.760 --> 10:41.760]  Được chưa anh em?
[10:41.760 --> 10:42.760]  Được chưa anh em?
[10:42.760 --> 10:43.760]  Được chưa anh em?
[10:43.760 --> 10:44.760]  Được chưa anh em?
[10:44.760 --> 10:45.760]  Được chưa anh em?
[10:45.760 --> 10:46.760]  Được chưa anh em?
[10:46.760 --> 10:47.760]  Được chưa anh em?
[10:47.760 --> 10:48.760]  Được chưa anh em?
[10:48.760 --> 10:49.760]  Được chưa anh em?
[10:49.760 --> 10:50.760]  Được chưa anh em?
[10:50.760 --> 10:51.760]  Được chưa anh em?
[10:51.760 --> 10:52.760]  Được chưa anh em?
[10:52.760 --> 10:53.760]  Được chưa anh em?
[10:53.760 --> 10:54.760]  Được chưa anh em?
[10:54.760 --> 10:55.760]  Được chưa anh em?
[10:55.760 --> 10:56.760]  Được chưa anh em?
[10:56.760 --> 10:57.760]  Được chưa anh em?
[10:57.760 --> 10:58.760]  Được chưa anh em?
[10:58.760 --> 10:59.760]  Được chưa anh em?
[10:59.760 --> 11:00.760]  Được chưa anh em?
[11:00.760 --> 11:01.760]  Được chưa anh em?
[11:01.760 --> 11:02.760]  Được chưa anh em?
[11:02.760 --> 11:03.760]  Được chưa anh em?
[11:03.760 --> 11:04.760]  Được chưa anh em?
[11:04.760 --> 11:05.760]  Được chưa anh em?
[11:05.760 --> 11:06.760]  Được chưa anh em?
[11:06.760 --> 11:07.760]  Được chưa anh em?
[11:07.760 --> 11:08.760]  Được chưa anh em?
[11:08.760 --> 11:09.760]  Được chưa anh em?
[11:09.760 --> 11:10.760]  Được chưa anh em?
[11:10.760 --> 11:11.760]  Được chưa anh em?
[11:11.760 --> 11:12.760]  Được chưa anh em?
[11:12.760 --> 11:13.760]  Được chưa anh em?
[11:13.760 --> 11:14.760]  Được chưa anh em?
[11:14.760 --> 11:15.760]  Được chưa anh em?
[11:15.760 --> 11:16.760]  Được chưa anh em?
[11:16.760 --> 11:17.760]  Được chưa anh em?
[11:17.760 --> 11:18.760]  Được chưa anh em?
[11:18.760 --> 11:19.760]  Được chưa anh em?
[11:19.760 --> 11:20.760]  Được chưa anh em?
[11:20.760 --> 11:21.760]  Được chưa anh em?
[11:21.760 --> 11:22.760]  Được chưa anh em?
[11:22.760 --> 11:23.760]  Được chưa anh em?
[11:23.760 --> 11:24.760]  Được chưa anh em?
[11:24.760 --> 11:25.760]  Được chưa anh em?
[11:25.760 --> 11:26.760]  Được chưa anh em?
[11:26.760 --> 11:27.760]  Được chưa anh em?
[11:27.760 --> 11:28.760]  Được chưa anh em?
[11:28.760 --> 11:29.760]  Được chưa anh em?
[11:29.760 --> 11:30.760]  Được chưa anh em?
[11:30.760 --> 11:31.760]  Được chưa anh em?
[11:31.760 --> 11:32.760]  Được chưa anh em?
[11:32.760 --> 11:33.760]  Được chưa anh em?
[11:33.760 --> 11:34.760]  Được chưa anh em?
[11:34.760 --> 11:35.760]  Được chưa anh em?
[11:35.760 --> 11:36.760]  Được chưa anh em?
[11:36.760 --> 11:37.760]  Được chưa anh em?
[11:37.760 --> 11:38.760]  Được chưa anh em?
[11:38.760 --> 11:39.760]  Được chưa anh em?
[11:39.760 --> 11:40.760]  Được chưa anh em?
[11:40.760 --> 11:41.760]  Được chưa anh em?
[11:41.760 --> 11:42.760]  Được chưa anh em?
[11:42.760 --> 11:43.760]  Được chưa anh em?
[11:43.760 --> 11:44.760]  Được chưa anh em?
[11:44.760 --> 11:45.760]  Được chưa anh em?
[11:45.760 --> 11:46.760]  Được chưa anh em?
[11:46.760 --> 11:47.760]  Được chưa anh em?
[11:47.760 --> 11:48.760]  Được chưa anh em?
[11:48.760 --> 11:49.760]  Được chưa anh em?
[11:49.760 --> 11:50.760]  Được chưa anh em?
[11:50.760 --> 11:51.760]  Được chưa anh em?
[11:51.760 --> 11:52.760]  Được chưa anh em?
[11:52.760 --> 11:53.760]  Được chưa anh em?
[11:53.760 --> 11:54.760]  Được chưa anh em?
[11:54.760 --> 11:55.760]  Được chưa anh em?
[11:55.760 --> 11:56.760]  Được chưa anh em?
[11:56.760 --> 11:57.760]  Được chưa anh em?
[11:57.760 --> 11:58.760]  Được chưa anh em?
[11:58.760 --> 11:59.760]  Được chưa anh em?
[11:59.760 --> 12:00.760]  Được chưa anh em?
[12:00.760 --> 12:01.760]  Được chưa anh em?
[12:01.760 --> 12:02.760]  Được chưa anh em?
[12:02.760 --> 12:03.760]  Được chưa anh em?
[12:03.760 --> 12:04.760]  Được chưa anh em?
[12:04.760 --> 12:05.760]  Được chưa anh em?
[12:05.760 --> 12:06.760]  Được chưa anh em?
[12:06.760 --> 12:07.760]  Được chưa anh em?
[12:07.760 --> 12:08.760]  Được chưa anh em?
[12:08.760 --> 12:09.760]  Được chưa anh em?
[12:09.760 --> 12:10.760]  Được chưa anh em?
[12:10.760 --> 12:11.760]  Được chưa anh em?
[12:11.760 --> 12:12.760]  Được chưa anh em?
[12:12.760 --> 12:13.760]  Được chưa anh em?
[12:13.760 --> 12:14.760]  Được chưa anh em?
[12:14.760 --> 12:15.760]  Được chưa anh em?
[12:15.760 --> 12:16.760]  Được chưa anh em?
[12:16.760 --> 12:17.760]  Được chưa anh em?
[12:17.760 --> 12:18.760]  Được chưa anh em?
[12:18.760 --> 12:19.760]  Được chưa anh em?
[12:19.760 --> 12:20.760]  Được chưa anh em?
[12:20.760 --> 12:21.760]  Được chưa anh em?
[12:21.760 --> 12:22.760]  Được chưa anh em?
[12:22.760 --> 12:23.760]  Được chưa anh em?
[12:23.760 --> 12:24.760]  Được chưa anh em?
[12:24.760 --> 12:25.760]  Được chưa anh em?
[12:25.760 --> 12:26.760]  Được chưa anh em?
[12:26.760 --> 12:27.760]  Được chưa anh em?
[12:27.760 --> 12:28.760]  Được chưa anh em?
[12:28.760 --> 12:29.760]  Được chưa anh em?
[12:29.760 --> 12:30.760]  Được chưa anh em?
[12:30.760 --> 12:31.760]  Được chưa anh em?
[12:31.760 --> 12:32.760]  Được chưa anh em?
[12:32.760 --> 12:33.760]  Được chưa anh em?
[12:33.760 --> 12:34.760]  Được chưa anh em?
[12:34.760 --> 12:35.760]  Được chưa anh em?
[12:35.760 --> 12:36.760]  Được chưa anh em?
[12:36.760 --> 12:37.760]  Được chưa anh em?
[12:37.760 --> 12:38.760]  Được chưa anh em?
[12:38.760 --> 12:39.760]  Được chưa anh em?
[12:39.760 --> 12:40.760]  Được chưa anh em?
[12:40.760 --> 12:41.760]  Được chưa anh em?
[12:41.760 --> 12:42.760]  Được chưa anh em?
[12:42.760 --> 12:43.760]  Được chưa anh em?
[12:43.760 --> 12:44.760]  Được chưa anh em?
[12:44.760 --> 12:45.760]  Được chưa anh em?
[12:45.760 --> 12:46.760]  Được chưa anh em?
[12:46.760 --> 12:47.760]  Được chưa anh em?
[12:47.760 --> 12:48.760]  Được chưa anh em?
[12:48.760 --> 12:49.760]  Được chưa anh em?
[12:49.760 --> 12:50.760]  Được chưa anh em?
[12:50.760 --> 12:51.760]  Được chưa anh em?
[12:51.760 --> 12:52.760]  Được chưa anh em?
[12:52.760 --> 12:53.760]  Được chưa anh em?
[12:53.760 --> 12:54.760]  Được chưa anh em?
[12:54.760 --> 12:55.760]  Được chưa anh em?
[12:55.760 --> 12:56.760]  Được chưa anh em?
[12:56.760 --> 12:57.760]  Được chưa anh em?
[12:57.760 --> 12:58.760]  Được chưa anh em?
[12:58.760 --> 12:59.760]  Được chưa anh em?
[12:59.760 --> 13:00.760]  Được chưa anh em?
[13:00.760 --> 13:01.760]  Được chưa anh em?
[13:01.760 --> 13:02.760]  Được chưa anh em?
[13:02.760 --> 13:03.760]  Được chưa anh em?
[13:03.760 --> 13:04.760]  Được chưa anh em?
[13:04.760 --> 13:05.760]  Được chưa anh em?
[13:05.760 --> 13:06.760]  Được chưa anh em?
[13:06.760 --> 13:07.760]  Được chưa anh em?
[13:07.760 --> 13:08.760]  Được chưa anh em?
[13:08.760 --> 13:09.760]  Được chưa anh em?
[13:09.760 --> 13:10.760]  Được chưa anh em?
[13:10.760 --> 13:11.760]  Được chưa anh em?
[13:11.760 --> 13:12.760]  Được chưa anh em?
[13:12.760 --> 13:13.760]  Được chưa anh em?
[13:13.760 --> 13:14.760]  Được chưa anh em?
[13:14.760 --> 13:15.760]  Được chưa anh em?
[13:15.760 --> 13:16.760]  Được chưa anh em?
[13:16.760 --> 13:17.760]  Được chưa anh em?
[13:17.760 --> 13:18.760]  Được chưa anh em?
[13:18.760 --> 13:19.760]  Được chưa anh em?
[13:19.760 --> 13:20.760]  Được chưa anh em?
[13:20.760 --> 13:21.760]  Được chưa anh em?
[13:21.760 --> 13:22.760]  Được chưa anh em?
[13:22.760 --> 13:23.760]  Được chưa anh em?
[13:23.760 --> 13:24.760]  Được chưa anh em?
[13:24.760 --> 13:25.760]  Được chưa anh em?
[13:25.760 --> 13:26.760]  Được chưa anh em?
[13:26.760 --> 13:27.760]  Được chưa anh em?
[13:27.760 --> 13:28.760]  Được chưa anh em?
[13:28.760 --> 13:29.760]  Được chưa anh em?
[13:29.760 --> 13:30.760]  Được chưa anh em?
[13:30.760 --> 13:31.760]  Được chưa anh em?
[13:31.760 --> 13:32.760]  Được chưa anh em?
[13:32.760 --> 13:33.760]  Được chưa anh em?
[13:33.760 --> 13:34.760]  Được chưa anh em?
[13:34.760 --> 13:35.760]  Được chưa anh em?
[13:35.760 --> 13:36.760]  Được chưa anh em?
[13:36.760 --> 13:37.760]  Được chưa anh em?
[13:37.760 --> 13:38.760]  Được chưa anh em?
[13:38.760 --> 13:39.760]  Được chưa anh em?
[13:39.760 --> 13:40.760]  Được chưa anh em?
[13:40.760 --> 13:41.760]  Được chưa anh em?
[13:41.760 --> 13:42.760]  Được chưa anh em?
[13:42.760 --> 13:43.760]  Được chưa anh em?
[13:43.760 --> 13:44.760]  Được chưa anh em?
[13:44.760 --> 13:45.760]  Được chưa anh em?
[13:45.760 --> 13:46.760]  Được chưa anh em?
[13:46.760 --> 13:47.760]  Được chưa anh em?
[13:47.760 --> 13:48.760]  Được chưa anh em?
[13:48.760 --> 13:49.760]  Được chưa anh em?
[13:49.760 --> 13:50.760]  Được chưa anh em?
[13:50.760 --> 13:51.760]  Được chưa anh em?
[13:51.760 --> 13:52.760]  Được chưa anh em?
[13:52.760 --> 13:53.760]  Được chưa anh em?
[13:53.760 --> 13:54.760]  Được chưa anh em?
[13:54.760 --> 13:55.760]  Được chưa anh em?
[13:55.760 --> 13:56.760]  Được chưa anh em?
[13:56.760 --> 13:57.760]  Được chưa anh em?
[13:57.760 --> 13:58.760]  Được chưa anh em?
[13:58.760 --> 13:59.760]  Được chưa anh em?
[13:59.760 --> 14:00.760]  Được chưa anh em?
[14:00.760 --> 14:01.760]  Được chưa anh em?
[14:01.760 --> 14:02.760]  Được chưa anh em?
[14:02.760 --> 14:03.760]  Được chưa anh em?
[14:03.760 --> 14:04.760]  Được chưa anh em?
[14:04.760 --> 14:05.760]  Được chưa anh em?
[14:05.760 --> 14:06.760]  Được chưa anh em?
[14:06.760 --> 14:07.760]  Được chưa anh em?
[14:07.760 --> 14:08.760]  Được chưa anh em?
[14:08.760 --> 14:09.760]  Được chưa anh em?
[14:09.760 --> 14:10.760]  Được chưa anh em?
[14:10.760 --> 14:11.760]  Được chưa anh em?
[14:11.760 --> 14:12.760]  Được chưa anh em?
[14:12.760 --> 14:13.760]  Được chưa anh em?
[14:13.760 --> 14:14.760]  Được chưa anh em?
[14:14.760 --> 14:15.760]  Được chưa anh em?
[14:15.760 --> 14:16.760]  Được chưa anh em?
[14:16.760 --> 14:17.760]  Được chưa anh em?
[14:17.760 --> 14:18.760]  Được chưa anh em?
[14:18.760 --> 14:19.760]  Được chưa anh em?
[14:19.760 --> 14:20.760]  Được chưa anh em?
[14:20.760 --> 14:21.760]  Được chưa anh em?
[14:21.760 --> 14:22.760]  Được chưa anh em?
[14:22.760 --> 14:23.760]  Được chưa anh em?
[14:23.760 --> 14:24.760]  Được chưa anh em?
[14:24.760 --> 14:25.760]  Được chưa anh em?
[14:25.760 --> 14:26.760]  Được chưa anh em?
[14:26.760 --> 14:27.760]  Được chưa anh em?
[14:27.760 --> 14:28.760]  Được chưa anh em?
[14:28.760 --> 14:29.760]  Được chưa anh em?
[14:29.760 --> 14:30.760]  Được chưa anh em?
[14:30.760 --> 14:31.760]  Được chưa anh em?
[14:31.760 --> 14:32.760]  Được chưa anh em?
[14:32.760 --> 14:33.760]  Được chưa anh em?
[14:33.760 --> 14:34.760]  Được chưa anh em?
[14:34.760 --> 14:35.760]  Được chưa anh em?
[14:35.760 --> 14:36.760]  Được chưa anh em?
[14:36.760 --> 14:37.760]  Được chưa anh em?
[14:37.760 --> 14:38.760]  Được chưa anh em?
[14:38.760 --> 14:39.760]  Được chưa anh em?
[14:39.760 --> 14:40.760]  Được chưa anh em?
[14:40.760 --> 14:41.760]  Được chưa anh em?
[14:41.760 --> 14:42.760]  Được chưa anh em?
[14:42.760 --> 14:43.760]  Được chưa anh em?
[14:43.760 --> 14:44.760]  Được chưa anh em?
[14:44.760 --> 14:45.760]  Được chưa anh em?
[14:45.760 --> 14:46.760]  Được chưa anh em?
[14:46.760 --> 14:47.760]  Được chưa anh em?
[14:47.760 --> 14:48.760]  Được chưa anh em?
[14:48.760 --> 14:49.760]  Được chưa anh em?
[14:49.760 --> 14:50.760]  Được chưa anh em?
[14:50.760 --> 14:51.760]  Được chưa anh em?
[14:51.760 --> 14:52.760]  Được chưa anh em?
[14:52.760 --> 14:53.760]  Được chưa anh em?
[14:53.760 --> 14:54.760]  Được chưa anh em?
[14:54.760 --> 14:55.760]  Được chưa anh em?
[14:55.760 --> 14:56.760]  Được chưa anh em?
[14:56.760 --> 14:57.760]  Được chưa anh em?
[14:57.760 --> 14:58.760]  Được chưa anh em?
[14:58.760 --> 14:59.760]  Được chưa anh em?
[14:59.760 --> 15:00.760]  Được chưa anh em?
[15:00.760 --> 15:01.760]  Được chưa anh em?
[15:01.760 --> 15:02.760]  Được chưa anh em?
[15:02.760 --> 15:03.760]  Được chưa anh em?
[15:03.760 --> 15:04.760]  Được chưa anh em?
[15:04.760 --> 15:05.760]  Được chưa anh em?
[15:05.760 --> 15:06.760]  Được chưa anh em?
[15:06.760 --> 15:07.760]  Được chưa anh em?
[15:07.760 --> 15:08.760]  Được chưa anh em?
[15:08.760 --> 15:09.760]  Được chưa anh em?
[15:09.760 --> 15:10.760]  Được chưa anh em?
[15:10.760 --> 15:11.760]  Được chưa anh em?
[15:11.760 --> 15:12.760]  Được chưa anh em?
[15:12.760 --> 15:13.760]  Được chưa anh em?
[15:13.760 --> 15:14.760]  Được chưa anh em?
[15:14.760 --> 15:15.760]  Được chưa anh em?
[15:15.760 --> 15:16.760]  Được chưa anh em?
[15:16.760 --> 15:17.760]  Được chưa anh em?
[15:17.760 --> 15:18.760]  Được chưa anh em?
[15:18.760 --> 15:19.760]  Được chưa anh em?
[15:19.760 --> 15:20.760]  Được chưa anh em?
[15:20.760 --> 15:21.760]  Được chưa anh em?
[15:21.760 --> 15:22.760]  Được chưa anh em?
[15:22.760 --> 15:23.760]  Được chưa anh em?
[15:23.760 --> 15:24.760]  Được chưa anh em?
[15:24.760 --> 15:25.760]  Được chưa anh em?
[15:25.760 --> 15:26.760]  Được chưa anh em?
[15:26.760 --> 15:27.760]  Được chưa anh em?
[15:27.760 --> 15:28.760]  Được chưa anh em?
[15:28.760 --> 15:29.760]  Được chưa anh em?
[15:29.760 --> 15:30.760]  Được chưa anh em?
[15:30.760 --> 15:31.760]  Được chưa anh em?
[15:31.760 --> 15:32.760]  Được chưa anh em?
[15:32.760 --> 15:33.760]  Được chưa anh em?
[15:33.760 --> 15:34.760]  Được chưa anh em?
[15:34.760 --> 15:35.760]  Được chưa anh em?
[15:35.760 --> 15:36.760]  Được chưa anh em?
[15:36.760 --> 15:37.760]  Được chưa anh em?
[15:37.760 --> 15:38.760]  Được chưa anh em?
[15:38.760 --> 15:39.760]  Được chưa anh em?
[15:39.760 --> 15:40.760]  Được chưa anh em?
[15:40.760 --> 15:41.760]  Được chưa anh em?
[15:41.760 --> 15:42.760]  Được chưa anh em?
[15:42.760 --> 15:43.760]  Được chưa anh em?
[15:43.760 --> 15:44.760]  Được chưa anh em?
[15:44.760 --> 15:45.760]  Được chưa anh em?
[15:45.760 --> 15:46.760]  Được chưa anh em?
[15:46.760 --> 15:47.760]  Được chưa anh em?
[15:47.760 --> 15:48.760]  Được chưa anh em?
[15:48.760 --> 15:49.760]  Được chưa anh em?
[15:49.760 --> 15:50.760]  Được chưa anh em?
[15:50.760 --> 15:51.760]  Được chưa anh em?
[15:51.760 --> 15:52.760]  Được chưa anh em?
[15:52.760 --> 15:53.760]  Được chưa anh em?
[15:53.760 --> 15:54.760]  Được chưa anh em?
[15:54.760 --> 15:55.760]  Được chưa anh em?
[15:55.760 --> 15:56.760]  Được chưa anh em?
[15:56.760 --> 15:57.760]  Được chưa anh em?
[15:57.760 --> 15:58.760]  Được chưa anh em?
[15:58.760 --> 15:59.760]  Được chưa anh em?
[15:59.760 --> 16:00.760]  Được chưa anh em?
[16:00.760 --> 16:01.760]  Được chưa anh em?
[16:01.760 --> 16:02.760]  Được chưa anh em?
[16:02.760 --> 16:03.760]  Được chưa anh em?
[16:03.760 --> 16:04.760]  Được chưa anh em?
[16:04.760 --> 16:05.760]  Được chưa anh em?
[16:05.760 --> 16:06.760]  Được chưa anh em?
[16:06.760 --> 16:07.760]  Được chưa anh em?
[16:07.760 --> 16:08.760]  Được chưa anh em?
[16:08.760 --> 16:09.760]  Được chưa anh em?
[16:09.760 --> 16:10.760]  Được chưa anh em?
[16:10.760 --> 16:11.760]  Được chưa anh em?
[16:11.760 --> 16:12.760]  Được chưa anh em?
[16:12.760 --> 16:13.760]  Được chưa anh em?
[16:13.760 --> 16:14.760]  Được chưa anh em?
[16:14.760 --> 16:15.760]  Được chưa anh em?
[16:15.760 --> 16:16.760]  Được chưa anh em?
[16:16.760 --> 16:17.760]  Được chưa anh em?
[16:17.760 --> 16:18.760]  Được chưa anh em?
[16:18.760 --> 16:19.760]  Được chưa anh em?
[16:19.760 --> 16:20.760]  Được chưa anh em?
[16:20.760 --> 16:21.760]  Được chưa anh em?
[16:21.760 --> 16:22.760]  Được chưa anh em?
[16:22.760 --> 16:23.760]  Được chưa anh em?
[16:23.760 --> 16:24.760]  Được chưa anh em?
[16:24.760 --> 16:25.760]  Được chưa anh em?
[16:25.760 --> 16:26.760]  Được chưa anh em?
[16:26.760 --> 16:27.760]  Được chưa anh em?
[16:27.760 --> 16:28.760]  Được chưa anh em?
[16:28.760 --> 16:29.760]  Được chưa anh em?
[16:29.760 --> 16:30.760]  Được chưa anh em?
[16:30.760 --> 16:31.760]  Được chưa anh em?
[16:31.760 --> 16:32.760]  Được chưa anh em?
[16:32.760 --> 16:33.760]  Được chưa anh em?
[16:33.760 --> 16:34.760]  Được chưa anh em?
[16:34.760 --> 16:35.760]  Được chưa anh em?
[16:35.760 --> 16:36.760]  Được chưa anh em?
[16:36.760 --> 16:37.760]  Được chưa anh em?
[16:37.760 --> 16:38.760]  Được chưa anh em?
[16:38.760 --> 16:39.760]  Được chưa anh em?
[16:39.760 --> 16:40.760]  Được chưa anh em?
[16:40.760 --> 16:41.760]  Được chưa anh em?
[16:41.760 --> 16:42.760]  Được chưa anh em?
[16:42.760 --> 16:43.760]  Được chưa anh em?
[16:43.760 --> 16:44.760]  Được chưa anh em?
[16:44.760 --> 16:45.760]  Được chưa anh em?
[16:45.760 --> 16:46.760]  Được chưa anh em?
[16:46.760 --> 16:47.760]  Được chưa anh em?
[16:47.760 --> 16:48.760]  Được chưa anh em?
[16:48.760 --> 16:49.760]  Được chưa anh em?
[16:49.760 --> 16:50.760]  Được chưa anh em?
[16:50.760 --> 16:51.760]  Được chưa anh em?
[16:51.760 --> 16:52.760]  Được chưa anh em?
[16:52.760 --> 16:53.760]  Được chưa anh em?
[16:53.760 --> 16:54.760]  Được chưa anh em?
[16:54.760 --> 16:55.760]  Được chưa anh em?
[16:55.760 --> 16:56.760]  Được chưa anh em?
[16:56.760 --> 16:57.760]  Được chưa anh em?
[16:57.760 --> 16:58.760]  Được chưa anh em?
[16:58.760 --> 16:59.760]  Được chưa anh em?
[16:59.760 --> 17:00.760]  Được chưa anh em?
[17:00.760 --> 17:01.760]  Được chưa anh em?
[17:01.760 --> 17:02.760]  Được chưa anh em?
[17:02.760 --> 17:03.760]  Được chưa anh em?
[17:03.760 --> 17:04.760]  Được chưa anh em?
[17:04.760 --> 17:05.760]  Được chưa anh em?
[17:05.760 --> 17:06.760]  Được chưa anh em?
[17:06.760 --> 17:07.760]  Được chưa anh em?
[17:07.760 --> 17:08.760]  Được chưa anh em?
[17:08.760 --> 17:09.760]  Được chưa anh em?
[17:09.760 --> 17:10.760]  Được chưa anh em?
[17:10.760 --> 17:11.760]  Được chưa anh em?
[17:11.760 --> 17:12.760]  Được chưa anh em?
[17:12.760 --> 17:13.760]  Được chưa anh em?
[17:13.760 --> 17:14.760]  Được chưa anh em?
[17:14.760 --> 17:15.760]  Được chưa anh em?
[17:15.760 --> 17:16.760]  Được chưa anh em?
[17:16.760 --> 17:17.760]  Được chưa anh em?
[17:17.760 --> 17:18.760]  Được chưa anh em?
[17:18.760 --> 17:19.760]  Được chưa anh em?
[17:19.760 --> 17:20.760]  Được chưa anh em?
[17:20.760 --> 17:21.760]  Được chưa anh em?
[17:21.760 --> 17:22.760]  Được chưa anh em?
[17:22.760 --> 17:23.760]  Được chưa anh em?
[17:23.760 --> 17:24.760]  Được chưa anh em?
[17:24.760 --> 17:25.760]  Được chưa anh em?
[17:25.760 --> 17:26.760]  Được chưa anh em?
[17:26.760 --> 17:27.760]  Được chưa anh em?
[17:27.760 --> 17:28.760]  Được chưa anh em?
[17:28.760 --> 17:29.760]  Được chưa anh em?
[17:29.760 --> 17:30.760]  Được chưa anh em?
[17:30.760 --> 17:31.760]  Được chưa anh em?
[17:31.760 --> 17:32.760]  Được chưa anh em?
[17:32.760 --> 17:33.760]  Được chưa anh em?
[17:33.760 --> 17:34.760]  Được chưa anh em?
[17:34.760 --> 17:35.760]  Được chưa anh em?
[17:35.760 --> 17:36.760]  Được chưa anh em?
[17:36.760 --> 17:37.760]  Được chưa anh em?
[17:37.760 --> 17:38.760]  Được chưa anh em?
[17:38.760 --> 17:39.760]  Được chưa anh em?
[17:39.760 --> 17:40.760]  Được chưa anh em?
[17:40.760 --> 17:41.760]  Được chưa anh em?
[17:41.760 --> 17:42.760]  Được chưa anh em?
[17:42.760 --> 17:43.760]  Được chưa anh em?
[17:43.760 --> 17:44.760]  Được chưa anh em?
[17:44.760 --> 17:45.760]  Được chưa anh em?
[17:45.760 --> 17:46.760]  Được chưa anh em?
[17:46.760 --> 17:47.760]  Được chưa anh em?
[17:47.760 --> 17:48.760]  Được chưa anh em?
[17:48.760 --> 17:49.760]  Được chưa anh em?
[17:49.760 --> 17:50.760]  Được chưa anh em?
[17:50.760 --> 17:51.760]  Được chưa anh em?
[17:51.760 --> 17:52.760]  Được chưa anh em?
[17:52.760 --> 17:53.760]  Được chưa anh em?
[17:53.760 --> 17:54.760]  Được chưa anh em?
[17:54.760 --> 17:55.760]  Được chưa anh em?
[17:55.760 --> 17:56.760]  Được chưa anh em?
[17:56.760 --> 17:57.760]  Được chưa anh em?
[17:57.760 --> 17:58.760]  Được chưa anh em?
[17:58.760 --> 17:59.760]  Được chưa anh em?
[17:59.760 --> 18:00.760]  Được chưa anh em?
[18:00.760 --> 18:01.760]  Được chưa anh em?
[18:01.760 --> 18:02.760]  Được chưa anh em?
[18:02.760 --> 18:03.760]  Được chưa anh em?
[18:03.760 --> 18:04.760]  Được chưa anh em?
[18:04.760 --> 18:05.760]  Được chưa anh em?
[18:05.760 --> 18:06.760]  Được chưa anh em?
[18:06.760 --> 18:07.760]  Được chưa anh em?
[18:07.760 --> 18:08.760]  Được chưa anh em?
[18:08.760 --> 18:09.760]  Được chưa anh em?
[18:09.760 --> 18:10.760]  Được chưa anh em?
[18:10.760 --> 18:11.760]  Được chưa anh em?
[18:11.760 --> 18:12.760]  Được chưa anh em?
[18:12.760 --> 18:13.760]  Được chưa anh em?
[18:13.760 --> 18:14.760]  Được chưa anh em?
[18:14.760 --> 18:15.760]  Được chưa anh em?
[18:15.760 --> 18:16.760]  Được chưa anh em?
[18:16.760 --> 18:17.760]  Được chưa anh em?
[18:17.760 --> 18:18.760]  Được chưa anh em?
[18:18.760 --> 18:19.760]  Được chưa anh em?
[18:19.760 --> 18:20.760]  Được chưa anh em?
[18:20.760 --> 18:21.760]  Được chưa anh em?
[18:21.760 --> 18:22.760]  Được chưa anh em?
[18:22.760 --> 18:23.760]  Được chưa anh em?
[18:23.760 --> 18:24.760]  Được chưa anh em?
[18:24.760 --> 18:25.760]  Được chưa anh em?
[18:25.760 --> 18:26.760]  Được chưa anh em?
[18:26.760 --> 18:27.760]  Được chưa anh em?
[18:27.760 --> 18:28.760]  Được chưa anh em?
[18:28.760 --> 18:29.760]  Được chưa anh em?
[18:29.760 --> 18:30.760]  Được chưa anh em?
[18:30.760 --> 18:31.760]  Được chưa anh em?
[18:31.760 --> 18:32.760]  Được chưa anh em?
[18:32.760 --> 18:33.760]  Được chưa anh em?
[18:33.760 --> 18:34.760]  Được chưa anh em?
[18:34.760 --> 18:35.760]  Được chưa anh em?
[18:35.760 --> 18:36.760]  Được chưa anh em?
[18:36.760 --> 18:37.760]  Được chưa anh em?
[18:37.760 --> 18:38.760]  Được chưa anh em?
[18:38.760 --> 18:39.760]  Được chưa anh em?
[18:39.760 --> 18:40.760]  Được chưa anh em?
[18:40.760 --> 18:41.760]  Được chưa anh em?
[18:41.760 --> 18:42.760]  Được chưa anh em?
[18:42.760 --> 18:43.760]  Được chưa anh em?
[18:43.760 --> 18:44.760]  Được chưa anh em?
[18:44.760 --> 18:45.760]  Được chưa anh em?
[18:45.760 --> 18:46.760]  Được chưa anh em?
[18:46.760 --> 18:47.760]  Được chưa anh em?
[18:47.760 --> 18:48.760]  Được chưa anh em?
[18:48.760 --> 18:49.760]  Được chưa anh em?
[18:49.760 --> 18:50.760]  Được chưa anh em?
[18:50.760 --> 18:51.760]  Được chưa anh em?
[18:51.760 --> 18:52.760]  Được chưa anh em?
[18:52.760 --> 18:53.760]  Được chưa anh em?
[18:53.760 --> 18:54.760]  Được chưa anh em?
[18:54.760 --> 18:55.760]  Được chưa anh em?
[18:55.760 --> 18:56.760]  Được chưa anh em?
[18:56.760 --> 18:57.760]  Được chưa anh em?
[18:57.760 --> 18:58.760]  Được chưa anh em?
[18:58.760 --> 18:59.760]  Được chưa anh em?
[18:59.760 --> 19:00.760]  Được chưa anh em?
[19:00.760 --> 19:01.760]  Được chưa anh em?
[19:01.760 --> 19:02.760]  Được chưa anh em?
[19:02.760 --> 19:03.760]  Được chưa anh em?
[19:03.760 --> 19:04.760]  Được chưa anh em?
[19:04.760 --> 19:05.760]  Được chưa anh em?
[19:05.760 --> 19:06.760]  Được chưa anh em?
[19:06.760 --> 19:07.760]  Được chưa anh em?
[19:07.760 --> 19:08.760]  Được chưa anh em?
[19:08.760 --> 19:09.760]  Được chưa anh em?
[19:09.760 --> 19:10.760]  Được chưa anh em?
[19:10.760 --> 19:11.760]  Được chưa anh em?
[19:11.760 --> 19:12.760]  Được chưa anh em?
[19:12.760 --> 19:13.760]  Được chưa anh em?
[19:13.760 --> 19:14.760]  Được chưa anh em?
[19:14.760 --> 19:15.760]  Được chưa anh em?
[19:15.760 --> 19:16.760]  Được chưa anh em?
[19:16.760 --> 19:17.760]  Được chưa anh em?
[19:17.760 --> 19:18.760]  Được chưa anh em?
[19:18.760 --> 19:19.760]  Được chưa anh em?
[19:19.760 --> 19:20.760]  Được chưa anh em?
[19:20.760 --> 19:21.760]  Được chưa anh em?
[19:21.760 --> 19:22.760]  Được chưa anh em?
[19:22.760 --> 19:23.760]  Được chưa anh em?
[19:23.760 --> 19:24.760]  Được chưa anh em?
[19:24.760 --> 19:25.760]  Được chưa anh em?
[19:25.760 --> 19:26.760]  Được chưa anh em?
[19:26.760 --> 19:27.760]  Được chưa anh em?
[19:27.760 --> 19:28.760]  Được chưa anh em?
[19:28.760 --> 19:29.760]  Được chưa anh em?
[19:29.760 --> 19:30.760]  Được chưa anh em?
[19:30.760 --> 19:31.760]  Được chưa anh em?
[19:31.760 --> 19:32.760]  Được chưa anh em?
[19:32.760 --> 19:33.760]  Được chưa anh em?
[19:33.760 --> 19:34.760]  Được chưa anh em?
[19:34.760 --> 19:35.760]  Được chưa anh em?
[19:35.760 --> 19:36.760]  Được chưa anh em?
[19:36.760 --> 19:37.760]  Được chưa anh em?
[19:37.760 --> 19:38.760]  Được chưa anh em?
[19:38.760 --> 19:39.760]  Được chưa anh em?
[19:39.760 --> 19:40.760]  Được chưa anh em?
[19:40.760 --> 19:41.760]  Được chưa anh em?
[19:41.760 --> 19:42.760]  Được chưa anh em?
[19:42.760 --> 19:43.760]  Được chưa anh em?
[19:43.760 --> 19:44.760]  Được chưa anh em?
[19:44.760 --> 19:45.760]  Được chưa anh em?
[19:45.760 --> 19:46.760]  Được chưa anh em?
[19:46.760 --> 19:47.760]  Được chưa anh em?
[19:47.760 --> 19:48.760]  Được chưa anh em?
[19:48.760 --> 19:49.760]  Được chưa anh em?
[19:49.760 --> 19:50.760]  Được chưa anh em?
[19:50.760 --> 19:51.760]  Được chưa anh em?
[19:51.760 --> 19:52.760]  Được chưa anh em?
[19:52.760 --> 19:53.760]  Được chưa anh em?
[19:53.760 --> 19:54.760]  Được chưa anh em?
[19:54.760 --> 19:55.760]  Được chưa anh em?
[19:55.760 --> 19:56.760]  Được chưa anh em?
[19:56.760 --> 19:57.760]  Được chưa anh em?
[19:57.760 --> 19:58.760]  Được chưa anh em?
[19:58.760 --> 19:59.760]  Được chưa anh em?
[19:59.760 --> 20:00.760]  Được chưa anh em?
[20:00.760 --> 20:01.760]  Được chưa anh em?
[20:01.760 --> 20:02.760]  Được chưa anh em?
[20:02.760 --> 20:03.760]  Được chưa anh em?
[20:03.760 --> 20:04.760]  Được chưa anh em?
[20:04.760 --> 20:05.760]  Được chưa anh em?
[20:05.760 --> 20:06.760]  Được chưa anh em?
[20:06.760 --> 20:07.760]  Được chưa anh em?
[20:07.760 --> 20:08.760]  Được chưa anh em?
[20:08.760 --> 20:09.760]  Được chưa anh em?
[20:09.760 --> 20:10.760]  Được chưa anh em?
[20:10.760 --> 20:11.760]  Được chưa anh em?
[20:11.760 --> 20:12.760]  Được chưa anh em?
[20:12.760 --> 20:13.760]  Được chưa anh em?
[20:13.760 --> 20:14.760]  Được chưa anh em?
[20:14.760 --> 20:15.760]  Được chưa anh em?
[20:15.760 --> 20:16.760]  Được chưa anh em?
[20:16.760 --> 20:17.760]  Được chưa anh em?
[20:17.760 --> 20:18.760]  Được chưa anh em?
[20:18.760 --> 20:19.760]  Được chưa anh em?
[20:19.760 --> 20:20.760]  Được chưa anh em?
[20:20.760 --> 20:21.760]  Được chưa anh em?
[20:21.760 --> 20:22.760]  Được chưa anh em?
[20:22.760 --> 20:23.760]  Được chưa anh em?
[20:23.760 --> 20:24.760]  Được chưa anh em?
[20:24.760 --> 20:25.760]  Được chưa anh em?
[20:25.760 --> 20:26.760]  Được chưa anh em?
[20:26.760 --> 20:27.760]  Được chưa anh em?
[20:27.760 --> 20:28.760]  Được chưa anh em?
[20:28.760 --> 20:29.760]  Được chưa anh em?
[20:29.760 --> 20:30.760]  Được chưa anh em?
[20:30.760 --> 20:31.760]  Được chưa anh em?
[20:31.760 --> 20:32.760]  Được chưa anh em?
[20:32.760 --> 20:33.760]  Được chưa anh em?
[20:33.760 --> 20:34.760]  Được chưa anh em?
[20:34.760 --> 20:35.760]  Được chưa anh em?
[20:35.760 --> 20:36.760]  Được chưa anh em?
[20:36.760 --> 20:37.760]  Được chưa anh em?
[20:37.760 --> 20:38.760]  Được chưa anh em?
[20:38.760 --> 20:39.760]  Được chưa anh em?
[20:39.760 --> 20:40.760]  Được chưa anh em?
[20:40.760 --> 20:41.760]  Được chưa anh em?
[20:41.760 --> 20:42.760]  Được chưa anh em?
[20:42.760 --> 20:43.760]  Được chưa anh em?
[20:43.760 --> 20:44.760]  Được chưa anh em?
[20:44.760 --> 20:45.760]  Được chưa anh em?
[20:45.760 --> 20:46.760]  Được chưa anh em?
[20:46.760 --> 20:47.760]  Được chưa anh em?
[20:47.760 --> 20:48.760]  Được chưa anh em?
[20:48.760 --> 20:49.760]  Được chưa anh em?
[20:49.760 --> 20:50.760]  Được chưa anh em?
[20:50.760 --> 20:51.760]  Được chưa anh em?
[20:51.760 --> 20:52.760]  Được chưa anh em?
[20:52.760 --> 20:53.760]  Được chưa anh em?
[20:53.760 --> 20:54.760]  Được chưa anh em?
[20:54.760 --> 20:55.760]  Được chưa anh em?
[20:55.760 --> 20:56.760]  Được chưa anh em?
[20:56.760 --> 20:57.760]  Được chưa anh em?
[20:57.760 --> 20:58.760]  Được chưa anh em?
[20:58.760 --> 20:59.760]  Được chưa anh em?
[20:59.760 --> 21:00.760]  Được chưa anh em?
[21:00.760 --> 21:01.760]  Được chưa anh em?
[21:01.760 --> 21:02.760]  Được chưa anh em?
[21:02.760 --> 21:03.760]  Được chưa anh em?
[21:03.760 --> 21:04.760]  Được chưa anh em?
[21:04.760 --> 21:05.760]  Được chưa anh em?
[21:05.760 --> 21:06.760]  Được chưa anh em?
[21:06.760 --> 21:07.760]  Được chưa anh em?
[21:07.760 --> 21:08.760]  Được chưa anh em?
[21:08.760 --> 21:09.760]  Được chưa anh em?
[21:09.760 --> 21:10.760]  Được chưa anh em?
[21:10.760 --> 21:11.760]  Được chưa anh em?
[21:11.760 --> 21:12.760]  Được chưa anh em?
[21:12.760 --> 21:13.760]  Được chưa anh em?
[21:13.760 --> 21:14.760]  Được chưa anh em?
[21:14.760 --> 21:15.760]  Được chưa anh em?
[21:15.760 --> 21:16.760]  Được chưa anh em?
[21:16.760 --> 21:17.760]  Được chưa anh em?
[21:17.760 --> 21:18.760]  Được chưa anh em?
[21:18.760 --> 21:19.760]  Được chưa anh em?
[21:19.760 --> 21:20.760]  Được chưa anh em?
[21:20.760 --> 21:21.760]  Được chưa anh em?
[21:21.760 --> 21:22.760]  Được chưa anh em?
[21:22.760 --> 21:23.760]  Được chưa anh em?
[21:23.760 --> 21:24.760]  Được chưa anh em?
[21:24.760 --> 21:25.760]  Được chưa anh em?
[21:25.760 --> 21:26.760]  Được chưa anh em?
[21:26.760 --> 21:27.760]  Được chưa anh em?
[21:27.760 --> 21:28.760]  Được chưa anh em?
[21:28.760 --> 21:29.760]  Được chưa anh em?
[21:29.760 --> 21:30.760]  Được chưa anh em?
[21:30.760 --> 21:31.760]  Được chưa anh em?
[21:31.760 --> 21:32.760]  Được chưa anh em?
[21:32.760 --> 21:33.760]  Được chưa anh em?
[21:33.760 --> 21:34.760]  Được chưa anh em?
[21:34.760 --> 21:35.760]  Được chưa anh em?
[21:35.760 --> 21:36.760]  Được chưa anh em?
[21:36.760 --> 21:37.760]  Được chưa anh em?
[21:37.760 --> 21:38.760]  Được chưa anh em?
[21:38.760 --> 21:39.760]  Được chưa anh em?
[21:39.760 --> 21:40.760]  Được chưa anh em?
[21:40.760 --> 21:41.760]  Được chưa anh em?
[21:41.760 --> 21:42.760]  Được chưa anh em?
[21:42.760 --> 21:43.760]  Được chưa anh em?
[21:43.760 --> 21:44.760]  Được chưa anh em?
[21:44.760 --> 21:45.760]  Được chưa anh em?
[21:45.760 --> 21:46.760]  Được chưa anh em?
[21:46.760 --> 21:47.760]  Được chưa anh em?
[21:47.760 --> 21:48.760]  Được chưa anh em?
[21:48.760 --> 21:49.760]  Được chưa anh em?
[21:49.760 --> 21:50.760]  Được chưa anh em?
[21:50.760 --> 21:51.760]  Được chưa anh em?
[21:51.760 --> 21:52.760]  Được chưa anh em?
[21:52.760 --> 21:53.760]  Được chưa anh em?
[21:53.760 --> 21:54.760]  Được chưa anh em?
[21:54.760 --> 21:55.760]  Được chưa anh em?
[21:55.760 --> 21:56.760]  Được chưa anh em?
[21:56.760 --> 21:57.760]  Được chưa anh em?
[21:57.760 --> 21:58.760]  Được chưa anh em?
[21:58.760 --> 21:59.760]  Được chưa anh em?
[21:59.760 --> 22:00.760]  Được chưa anh em?
[22:00.760 --> 22:01.760]  Được chưa anh em?
[22:01.760 --> 22:02.760]  Được chưa anh em?
[22:02.760 --> 22:03.760]  Được chưa anh em?
[22:03.760 --> 22:04.760]  Được chưa anh em?
[22:04.760 --> 22:05.760]  Được chưa anh em?
[22:05.760 --> 22:06.760]  Được chưa anh em?
[22:06.760 --> 22:07.760]  Được chưa anh em?
[22:07.760 --> 22:08.760]  Được chưa anh em?
[22:08.760 --> 22:09.760]  Được chưa anh em?
[22:09.760 --> 22:10.760]  Được chưa anh em?
[22:10.760 --> 22:11.760]  Được chưa anh em?
[22:11.760 --> 22:12.760]  Được chưa anh em?
[22:12.760 --> 22:13.760]  Được chưa anh em?
[22:13.760 --> 22:14.760]  Được chưa anh em?
[22:14.760 --> 22:15.760]  Được chưa anh em?
[22:15.760 --> 22:16.760]  Được chưa anh em?
[22:16.760 --> 22:17.760]  Được chưa anh em?
[22:17.760 --> 22:18.760]  Được chưa anh em?
[22:18.760 --> 22:19.760]  Được chưa anh em?
[22:19.760 --> 22:20.760]  Được chưa anh em?
[22:20.760 --> 22:21.760]  Được chưa anh em?
[22:21.760 --> 22:22.760]  Được chưa anh em?
[22:22.760 --> 22:23.760]  Được chưa anh em?
[22:23.760 --> 22:24.760]  Được chưa anh em?
[22:24.760 --> 22:25.760]  Được chưa anh em?
[22:25.760 --> 22:26.760]  Được chưa anh em?
[22:26.760 --> 22:27.760]  Được chưa anh em?
[22:27.760 --> 22:28.760]  Được chưa anh em?
[22:28.760 --> 22:29.760]  Được chưa anh em?
[22:29.760 --> 22:30.760]  Được chưa anh em?
[22:30.760 --> 22:31.760]  Được chưa anh em?
[22:31.760 --> 22:32.760]  Được chưa anh em?
[22:32.760 --> 22:33.760]  Được chưa anh em?
[22:33.760 --> 22:34.760]  Được chưa anh em?
[22:34.760 --> 22:35.760]  Được chưa anh em?
[22:35.760 --> 22:36.760]  Được chưa anh em?
[22:36.760 --> 22:37.760]  Được chưa anh em?
[22:37.760 --> 22:38.760]  Được chưa anh em?
[22:38.760 --> 22:39.760]  Được chưa anh em?
[22:39.760 --> 22:40.760]  Được chưa anh em?
[22:40.760 --> 22:41.760]  Được chưa anh em?
[22:41.760 --> 22:42.760]  Được chưa anh em?
[22:42.760 --> 22:43.760]  Được chưa anh em?
[22:43.760 --> 22:44.760]  Được chưa anh em?
[22:44.760 --> 22:45.760]  Được chưa anh em?
[22:45.760 --> 22:46.760]  Được chưa anh em?
[22:46.760 --> 22:47.760]  Được chưa anh em?
[22:47.760 --> 22:48.760]  Được chưa anh em?
[22:48.760 --> 22:49.760]  Được chưa anh em?
[22:49.760 --> 22:50.760]  Được chưa anh em?
scripts/01b_transcribe.sh: line 46: 44436 Terminated: 15          mlx_whisper "$audio" --model "$MODEL" --language vi --initial-prompt "$PROMPT" --output-format srt --output-dir "01_raw/$id" --output-name transcript
/Users/duongnad/.pyenv/versions/3.11.8/lib/python3.11/multiprocessing/resource_tracker.py:254: UserWarning: resource_tracker: There appear to be 1 leaked semaphore objects to clean up at shutdown
  warnings.warn('resource_tracker: There appear to be %d '
