== b1-1: dossier.md — 153,099 ký tự (~43,742 token), 379 câu thoại, 382 khung hình có chữ
== b1-2: dossier.md — 131,038 ký tự (~37,439 token), 446 câu thoại, 727 khung hình có chữ
== b2: dossier.md — 106,548 ký tự (~30,442 token), 350 câu thoại, 282 khung hình có chữ
== b3-2: dossier.md — 222,037 ký tự (~63,439 token), 591 câu thoại, 689 khung hình có chữ
== b3-3: dossier.md — 150,095 ký tự (~42,884 token), 399 câu thoại, 451 khung hình có chữ
== b4: dossier.md — 108,635 ký tự (~31,038 token), 296 câu thoại, 339 khung hình có chữ
== b5: dossier.md — 348,674 ký tự (~99,621 token), 824 câu thoại, 881 khung hình có chữ
== b6: dossier.md — 103,702 ký tự (~29,629 token), 264 câu thoại, 193 khung hình có chữ
== b7: dossier.md — 143,807 ký tự (~41,087 token), 545 câu thoại, 529 khung hình có chữ
== capcuu: dossier.md — 223,044 ký tự (~63,726 token), 489 câu thoại, 451 khung hình có chữ
== tonghop: dossier.md — 10,314 ký tự (~2,946 token), 141 câu thoại, 107 khung hình có chữ
== ucd1: dossier.md — 249,555 ký tự (~71,301 token), 699 câu thoại, 871 khung hình có chữ

Xong 12/12 video.
== ucd1: chọn 40/142 khung hình -> /Users/duongnad/Documents/project/SWE/01_raw/ucd1/attach
   Kéo cả thư mục này vào ô chat của Antigravity, rồi chạy prompts/P1b_doc_so_do.md
== b5: chọn 40/248 khung hình -> /Users/duongnad/Documents/project/SWE/01_raw/b5/attach
   Kéo cả thư mục này vào ô chat của Antigravity, rồi chạy prompts/P1b_doc_so_do.md
== b7: chọn 15/37 khung hình -> /Users/duongnad/Documents/project/SWE/01_raw/b7/attach
   Kéo cả thư mục này vào ô chat của Antigravity, rồi chạy prompts/P1b_doc_so_do.md
== b3-2: chọn 40/108 khung hình -> /Users/duongnad/Documents/project/SWE/01_raw/b3-2/attach
   Kéo cả thư mục này vào ô chat của Antigravity, rồi chạy prompts/P1b_doc_so_do.md
== b3-3: chọn 23/87 khung hình -> /Users/duongnad/Documents/project/SWE/01_raw/b3-3/attach
   Kéo cả thư mục này vào ô chat của Antigravity, rồi chạy prompts/P1b_doc_so_do.md
== b4: chọn 40/47 khung hình -> /Users/duongnad/Documents/project/SWE/01_raw/b4/attach
   Kéo cả thư mục này vào ô chat của Antigravity, rồi chạy prompts/P1b_doc_so_do.md
