[18:59:04] chờ bài chạy thử (page/out/FINAL.md)…
[21:16:14] Q1_mo_hinh_phat_trien: đang viết…
[21:21:32]    Q1_mo_hinh_phat_trien: 0 byte
[21:21:32] Q2_kiem_thu: đang viết…
[21:24:12]    Q2_kiem_thu: 0 byte
[21:24:12] Q3_requirements: đang viết…
[21:28:12] Q1_mo_hinh_phat_trien: lần 1…
[21:29:40]    OK 11621 byte
[21:29:40] Q2_kiem_thu: lần 1…
[21:31:25]    OK 12608 byte
[21:31:25] Q3_requirements: lần 1…
[21:32:56]    OK 11873 byte
[21:32:56] Q4_user_story: lần 1…
[21:34:14]    OK 8357 byte
[21:34:14] Q5_design_pattern: lần 1…
[21:35:49]    OK 11824 byte
[21:35:49] Q6_story_map: lần 1…
[21:36:57]    OK 9953 byte
[21:36:57] XONG. ON_TAP/: 7 file
     11621 byte  ON_TAP/Q1_mo_hinh_phat_trien.md
     12608 byte  ON_TAP/Q2_kiem_thu.md
     11873 byte  ON_TAP/Q3_requirements.md
      8357 byte  ON_TAP/Q4_user_story.md
     11824 byte  ON_TAP/Q5_design_pattern.md
      9953 byte  ON_TAP/Q6_story_map.md
     10590 byte  ON_TAP/TIENG_ANH.md
